# app

> Test app.

## Global Options

- `-e, --env string-array` — SET ENVIRONMENT VARIABLES (FORMAT: KEY=VALUE). SUPPORTS REPEAT AND CSV.
- `--env-file string-array` — LOAD ENVIRONMENT VARIABLES FROM FILE(S). SUPPORTS REPEAT AND CSV.
- `-h, --help` — SHOW HELP FOR COMMAND.
- `--list-commands` — LIST ALL COMMANDS, INCLUDING SUBCOMMANDS.
- `--list-flags` — LIST ALL FLAGS.
- `--list-format enum[text\|json]` — OUTPUT FORMAT FOR --LIST-COMMANDS AND --LIST-FLAGS. (default: text)

## Commands

### app hello

Say hello.

---

### app llms-txt

Print command tree documentation in llms.txt format for LLM consumption.

Generate a structured overview of all commands, flags, and arguments. Supports Markdown (default, optimised for grep) and JSON (optimised for programmatic consumption).

**Options:**

- `-d, --depth int64` — MAXIMUM COMMAND TREE DEPTH (0 = UNLIMITED). (default: 0)
- `-f, --format enum[markdown\|json]` — OUTPUT FORMAT. (default: markdown)

---

